// Jest Snapshot v1, https://goo.gl/fbAQLP

exports[`<TestComponent /> matches snapshot 1`] = `
<div>
  <div>
    <span>
      shpark
    </span>
    <span>
      20
    </span>
  </div>
</div>
`;
